Building...
Microsoft (R) C/C++ Optimizing Compiler Version 19.43.34809 for x64
Copyright (C) Microsoft Corporation.  All rights reserved.

animation.cpp
camera.cpp
ecs.cpp
editor.cpp
game.cpp
input.cpp
inspector.cpp
loader.cpp
main.cpp
meshrenderer.cpp
physics.cpp
player.cpp
prefab.cpp
renderer.cpp
scene.cpp
sceneloader.cpp
shader.cpp
transform.cpp
imgui.cpp
imgui_demo.cpp
Generating Code...
Compiling...
imgui_draw.cpp
imgui_impl_glfw.cpp
imgui_impl_opengl3.cpp
imgui_stdlib.cpp
imgui_tables.cpp
imgui_widgets.cpp
stb_image.cpp
Generating Code...
Compiling...
glad.c
Generating Code...
Microsoft (R) Incremental Linker Version 14.43.34809.0
Copyright (C) Microsoft Corporation.  All rights reserved.

/out:openglgame.exe 
/debug 
/libpath:../lib 
assimp-vc143-mt.lib 
Jolt.lib 
OpenAL32.lib 
/NODEFAULTLIB:libcmt 
libcmtd.lib 
glfw3.lib 
user32.lib 
gdi32.lib 
shell32.lib 
animation.obj 
camera.obj 
ecs.obj 
editor.obj 
game.obj 
input.obj 
inspector.obj 
loader.obj 
main.obj 
meshrenderer.obj 
physics.obj 
player.obj 
prefab.obj 
renderer.obj 
scene.obj 
sceneloader.obj 
shader.obj 
transform.obj 
imgui.obj 
imgui_demo.obj 
imgui_draw.obj 
imgui_impl_glfw.obj 
imgui_impl_opengl3.obj 
imgui_stdlib.obj 
imgui_tables.obj 
imgui_widgets.obj 
stb_image.obj 
glad.obj 
